app/layout.tsx(39,10): error TS2322: Type '{ children: Element; attribute: "class"; defaultTheme: string; enableSystem: true; disableTransitionOnChange: true; }' is not assignable to type 'IntrinsicAttributes & ThemeProviderProps'.
  Property 'children' does not exist on type 'IntrinsicAttributes & ThemeProviderProps'.
app/messages/page.tsx(59,13): error TS7006: Parameter 'payload' implicitly has an 'any' type.
app/profile/page.tsx(18,23): error TS2307: Cannot find module 'sonner' or its corresponding type declarations.
app/settings/page.tsx(117,90): error TS2322: Type 'string' is not assignable to type 'Language'.
components/auth-context.tsx(6,38): error TS2307: Cannot find module '@supabase/supabase-js' or its corresponding type declarations.
components/auth-context.tsx(43,79): error TS7006: Parameter '_event' implicitly has an 'any' type.
components/auth-context.tsx(43,87): error TS7006: Parameter 'session' implicitly has an 'any' type.
components/dashboard.tsx(9,51): error TS2307: Cannot find module '@/components/ui/sheet' or its corresponding type declarations.
components/dashboard.tsx(60,16): error TS2322: Type '{ navItems: { active: boolean; icon: ForwardRefExoticComponent<Omit<LucideProps, "ref"> & RefAttributes<SVGSVGElement>>; label: string; href: string; }[]; onNavigate: (href: string) => void; }' is not assignable to type 'IntrinsicAttributes'.
  Property 'navItems' does not exist on type 'IntrinsicAttributes'.
components/theme-provider.tsx(9,33): error TS2339: Property 'children' does not exist on type 'ThemeProviderProps'.
components/ui/popover.tsx(4,35): error TS2307: Cannot find module '@radix-ui/react-popover' or its corresponding type declarations.
lib/supabase.ts(1,30): error TS2307: Cannot find module '@supabase/supabase-js' or its corresponding type declarations.
